Diagnose log at 2026-08-05T19:11:32Z

AppPath: C:\Program Files\Git\mingw64\bin\git-credential-manager.exe
InstallDir: C:\Program Files\Git\mingw64\bin\
Version: 2.6.1+786ab03440ddc82e807a97c0e540f5247e44cec6

------------
Diagnostic: Environment
Skipped: False
Success: True
Exception: None
Log:
OSType: Windows
OSVersion: 10.0 (build 26200)
Reading environment variables... OK
 Variables:
HOMEPATH=\Users\Jhon
DriverData=C:\Windows\System32\Drivers\DriverData
COMPUTERNAME=DESKTOP-22RVGJO
GIT_TRACE2_PARENT_SID=75ea4028-9e51-415c-a465-7a7b3605f08b
CommonProgramFiles(x86)=C:\Program Files (x86)\Common Files
OneDrive=C:\Users\Jhon\OneDrive
TMP=C:\Users\Jhon\AppData\Local\Temp
HOME=C:\Users\Jhon
PROCESSOR_REVISION=2102
USERDOMAIN=DESKTOP-22RVGJO
PATHEXT=.COM;.EXE;.BAT;.CMD;.VBS;.VBE;.JS;.JSE;.WSF;.WSH;.MSC;.CPL
GIT_ASKPASS=c:\Users\Jhon\AppData\Roaming\Code\User\globalStorage\vscode.git\askpass\70789581cae28aa7\askpass.sh
GIT_EXEC_PATH=C:/Program Files/Git/mingw64/libexec/git-core
TEMP=C:\Users\Jhon\AppData\Local\Temp
LOCALAPPDATA=C:\Users\Jhon\AppData\Local
MSYSTEM=MINGW64
TERM=xterm-256color
COLORTERM=truecolor
JAVA_HOME=C:\Program Files\Eclipse Adoptium\jdk-17.0.14.7-hotspot\
OculusBase=C:\Program Files\Oculus\
ProgramFiles(x86)=C:\Program Files (x86)
Path=C:/Program Files/Git/mingw64/libexec/git-core;C:\Program Files\Git\mingw64\bin;C:\Program Files\Git\usr\bin;C:\Users\Jhon\bin;C:\Program Files\Oculus\Support\oculus-runtime;C:\Program Files\Eclipse Adoptium\jdk-17.0.14.7-hotspot\bin;C:\Program Files\Eclipse Adoptium\jdk-23.0.2.7-hotspot\bin;C:\Program Files\Eclipse Adoptium\jdk-11.0.22.7-hotspot\bin;C:\WINDOWS\system32;C:\WINDOWS;C:\WINDOWS\System32\Wbem;C:\WINDOWS\System32\WindowsPowerShell\v1.0\;C:\WINDOWS\System32\OpenSSH\;C:\Program Files (x86)\NVIDIA Corporation\PhysX\Common;C:\Program Files\dotnet\;C:\Program Files\Git\cmd;C:\Program Files\NVIDIA Corporation\NVIDIA App\NvDLISR;C:\Users\Jhon\AppData\Local\Microsoft\WindowsApps;C:\Users\Jhon\AppData\Local\Programs\Microsoft VS Code\bin;C:\Users\Jhon\.dotnet\tools
TERM_PROGRAM=vscode
PROCESSOR_LEVEL=25
PROCESSOR_IDENTIFIER=AMD64 Family 25 Model 33 Stepping 2, AuthenticAMD
TMPDIR=C:\Users\Jhon\AppData\Local\Temp
VSCODE_GIT_ASKPASS_EXTRA_ARGS=
TERM_PROGRAM_VERSION=1.131.0
VSCODE_GIT_ASKPASS_MAIN=c:\Users\Jhon\AppData\Roaming\Code\User\globalStorage\vscode.git\askpass\70789581cae28aa7\askpass-main.js
PSModulePath=C:\Users\Jhon\Documents\WindowsPowerShell\Modules;C:\Program Files\WindowsPowerShell\Modules;C:\WINDOWS\system32\WindowsPowerShell\v1.0\Modules
PUBLIC=C:\Users\Public
NUMBER_OF_PROCESSORS=12
CommonProgramFiles=C:\Program Files (x86)\Common Files
VSCODE_INJECTION=1
VSCODE_NONCE=60c0b958-6d66-4c13-a41b-fe71828eb4a9
VSCODE_GIT_IPC_HANDLE=\\.\pipe\vscode-git-d6f8db67e2-sock
CHROME_CRASHPAD_PIPE_NAME=\\.\pipe\crashpad_10468_UPVSIDAHINVITNJJ
PLINK_PROTOCOL=ssh
ProgramData=C:\ProgramData
ProgramW6432=C:\Program Files
ProgramFiles=C:\Program Files (x86)
VSCODE_GIT_ASKPASS_NODE=C:\Users\Jhon\AppData\Local\Programs\Microsoft VS Code\Code.exe
AMDRMSDKPATH=C:\Program Files\AMD\RyzenMasterSDK\
SystemRoot=C:\WINDOWS
SESSIONNAME=Console
VSCODE_STABLE=1
CommonProgramW6432=C:\Program Files\Common Files
LOGONSERVER=\\DESKTOP-22RVGJO
USERPROFILE=C:\Users\Jhon
USERDOMAIN_ROAMINGPROFILE=DESKTOP-22RVGJO
APPDATA=C:\Users\Jhon\AppData\Roaming
HOMEDRIVE=C:
VSCODE_A11Y_MODE=0
USERNAME=Jhon
PROCESSOR_ARCHITEW6432=AMD64
PROCESSOR_ARCHITECTURE=x86
OS=Windows_NT
ComSpec=C:\WINDOWS\system32\cmd.exe
SystemDrive=C:
windir=C:\WINDOWS
LANG=en_US.UTF-8
ALLUSERSPROFILE=C:\ProgramData


------------
Diagnostic: File system
Skipped: False
Success: True
Exception: None
Log:
Temporary directory is 'C:\Users\Jhon\AppData\Local\Temp\'...
Checking basic file I/O...
Writing to temporary file 'C:\Users\Jhon\AppData\Local\Temp\2abb4369bafbdb5ca90869ac'... OK
Reading from temporary file 'C:\Users\Jhon\AppData\Local\Temp\2abb4369bafbdb5ca90869ac'... OK
Deleting temporary file 'C:\Users\Jhon\AppData\Local\Temp\2abb4369bafbdb5ca90869ac'... OK
Testing IFileSystem instance...
UserHomePath: C:\Users\Jhon
UserDataDirectoryPath: C:\Users\Jhon\.gcm
GetCurrentDirectory(): C:\Users\Jhon\Documents\WebDevelopment 2026

------------
Diagnostic: Networking
Skipped: False
Success: True
Exception: None
Log:
Checking networking and HTTP stack...
Creating HTTP client... OK
IsNetworkAvailable: True
Sending HEAD request to http://example.com...Sending HEAD request to https://example.com... OK
 OK
Acquiring free TCP port... OK
Testing local HTTP loopback connections...
Creating new HTTP listener for http://localhost:54288/... OK
Waiting for loopback connection... OK
Writing response... OK
Waiting for response data... OK
Loopback connection data OK

------------
Diagnostic: Git
Skipped: False
Success: True
Exception: None
Log:
Getting Git version... OK
Git version is '2.49.0.windows.1'
Locating current repository...Git repository at 'C:/Users/Jhon/Documents/WebDevelopment 2026/.git'
 OK
Listing all Git configuration... OK
Git configuration:
file:C:/Program Files/Git/etc/gitconfig	diff.astextplain.textconv=astextplain
file:C:/Program Files/Git/etc/gitconfig	filter.lfs.clean=git-lfs clean -- %f
file:C:/Program Files/Git/etc/gitconfig	filter.lfs.smudge=git-lfs smudge -- %f
file:C:/Program Files/Git/etc/gitconfig	filter.lfs.process=git-lfs filter-process
file:C:/Program Files/Git/etc/gitconfig	filter.lfs.required=true
file:C:/Program Files/Git/etc/gitconfig	http.sslbackend=schannel
file:C:/Program Files/Git/etc/gitconfig	core.autocrlf=true
file:C:/Program Files/Git/etc/gitconfig	core.fscache=true
file:C:/Program Files/Git/etc/gitconfig	core.symlinks=false
file:C:/Program Files/Git/etc/gitconfig	pull.rebase=false
file:C:/Program Files/Git/etc/gitconfig	credential.helper=manager
file:C:/Program Files/Git/etc/gitconfig	credential.https://dev.azure.com.usehttppath=true
file:C:/Program Files/Git/etc/gitconfig	init.defaultbranch=master
file:C:/Users/Jhon/.gitconfig	core.editor="C:\Users\Jhon\AppData\Local\Programs\Microsoft VS Code\bin\code" --wait
file:C:/Users/Jhon/.gitconfig	user.email=wyy21996@gmail.com
file:C:/Users/Jhon/.gitconfig	user.name=Jhona21
file:.git/config	core.repositoryformatversion=0
file:.git/config	core.filemode=false
file:.git/config	core.bare=false
file:.git/config	core.logallrefupdates=true
file:.git/config	core.symlinks=false
file:.git/config	core.ignorecase=true
file:.git/config	remote.origin.url=https://github.com/Jhona21/webdev2026.git
file:.git/config	remote.origin.fetch=+refs/heads/*:refs/remotes/origin/*


------------
Diagnostic: Credential storage
Skipped: False
Success: True
Exception: None
Log:
ICredentialStore instance is of type: CredentialStore
Writing test credential... OK
Reading test credential... OK
Deleting test credential... OK

------------
Diagnostic: Microsoft authentication (AAD/MSA)
Skipped: False
Success: True
Exception: None
Log:
Broker is not enabled.
Flow type is: Auto
Gathering MSAL token cache data... OK
CacheDirectory: C:\Users\Jhon\AppData\Local\.IdentityService
CacheFileName: msal.cache
CacheFilePath: C:\Users\Jhon\AppData\Local\.IdentityService\msal.cache
Creating cache helper... OK
Verifying MSAL token cache persistence... OK

------------
Diagnostic: GitHub API
Skipped: False
Success: True
Exception: None
Log:
Using 'https://github.com/' as API target.
Querying '/meta' endpoint... OK

